[2019-11-14T15:19:08.423+0000][11421][gc] Using Concurrent Mark Sweep
[2019-11-14T15:19:08.423+0000][11421][gc,heap,coops] Heap address: 0x00000000c0000000, size: 1024 MB, Compressed Oops mode: 32-bit
[2019-11-14T15:19:08.514+0000][11421][safepoint    ] Entering safepoint region: EnableBiasedLocking
[2019-11-14T15:19:08.514+0000][11421][safepoint    ] Leaving safepoint region
[2019-11-14T15:19:08.514+0000][11421][safepoint    ] Total time for which application threads were stopped: 0.0000938 seconds, Stopping threads took: 0.0000381 seconds
[2019-11-14T15:19:08.517+0000][11421][gc,heap,exit ] Heap
[2019-11-14T15:19:08.517+0000][11421][gc,heap,exit ]  par new generation   total 306688K, used 21811K [0x00000000c0000000, 0x00000000d4cc0000, 0x00000000d4cc0000)
[2019-11-14T15:19:08.517+0000][11421][gc,heap,exit ]   eden space 272640K,   8% used [0x00000000c0000000, 0x00000000c154cf20, 0x00000000d0a40000)
[2019-11-14T15:19:08.517+0000][11421][gc,heap,exit ]   from space 34048K,   0% used [0x00000000d0a40000, 0x00000000d0a40000, 0x00000000d2b80000)
[2019-11-14T15:19:08.517+0000][11421][gc,heap,exit ]   to   space 34048K,   0% used [0x00000000d2b80000, 0x00000000d2b80000, 0x00000000d4cc0000)
[2019-11-14T15:19:08.517+0000][11421][gc,heap,exit ]  concurrent mark-sweep generation total 707840K, used 0K [0x00000000d4cc0000, 0x0000000100000000, 0x0000000100000000)
[2019-11-14T15:19:08.517+0000][11421][gc,heap,exit ]  Metaspace       used 3308K, capacity 4480K, committed 4480K, reserved 1056768K
[2019-11-14T15:19:08.517+0000][11421][gc,heap,exit ]   class space    used 282K, capacity 384K, committed 384K, reserved 1048576K
[2019-11-14T15:19:08.517+0000][11421][safepoint    ] Application time: 0.0014443 seconds
[2019-11-14T15:19:08.517+0000][11421][safepoint    ] Entering safepoint region: Halt
