[2019-10-29T15:24:49.630+0000][31360][gc] Using Concurrent Mark Sweep
[2019-10-29T15:24:49.839+0000][31360][gc,heap,coops] Heap address: 0x00000000c0000000, size: 1024 MB, Compressed Oops mode: 32-bit
[2019-10-29T15:25:04.277+0000][31360][safepoint    ] Entering safepoint region: EnableBiasedLocking
[2019-10-29T15:25:04.277+0000][31360][safepoint    ] Leaving safepoint region
[2019-10-29T15:25:04.277+0000][31360][safepoint    ] Total time for which application threads were stopped: 0.0001513 seconds, Stopping threads took: 0.0000523 seconds
[2019-10-29T15:25:04.458+0000][31360][gc,heap,exit ] Heap
[2019-10-29T15:25:04.458+0000][31360][gc,heap,exit ]  par new generation   total 306688K, used 16358K [0x00000000c0000000, 0x00000000d4cc0000, 0x00000000d4cc0000)
[2019-10-29T15:25:04.458+0000][31360][gc,heap,exit ]   eden space 272640K,   6% used [0x00000000c0000000, 0x00000000c0ff9b30, 0x00000000d0a40000)
[2019-10-29T15:25:04.458+0000][31360][gc,heap,exit ]   from space 34048K,   0% used [0x00000000d0a40000, 0x00000000d0a40000, 0x00000000d2b80000)
[2019-10-29T15:25:04.458+0000][31360][gc,heap,exit ]   to   space 34048K,   0% used [0x00000000d2b80000, 0x00000000d2b80000, 0x00000000d4cc0000)
[2019-10-29T15:25:04.458+0000][31360][gc,heap,exit ]  concurrent mark-sweep generation total 707840K, used 0K [0x00000000d4cc0000, 0x0000000100000000, 0x0000000100000000)
[2019-10-29T15:25:04.458+0000][31360][gc,heap,exit ]  Metaspace       used 3310K, capacity 4480K, committed 4480K, reserved 1056768K
[2019-10-29T15:25:04.458+0000][31360][gc,heap,exit ]   class space    used 282K, capacity 384K, committed 384K, reserved 1048576K
[2019-10-29T15:25:04.458+0000][31360][safepoint    ] Application time: 0.1137333 seconds
[2019-10-29T15:25:04.458+0000][31360][safepoint    ] Entering safepoint region: Halt
